Copyright 1986-2022 Xilinx, Inc. All Rights Reserved. Copyright 2022-2025 Advanced Micro Devices, Inc. All Rights Reserved.
------------------------------------------------------------------------------------------------------------------------------------------------------------------------------------------------------------------------------
| Tool Version : Vivado v.2025.2 (win64) Build 6299465 Fri Nov 14 19:35:11 GMT 2025
| Date         : Sat Aug 29 02:23:32 2026
| Host         : M-Frizfoot running 64-bit major release  (build 9200)
| Command      : report_timing_summary -max_paths 10 -routable_nets -report_unconstrained -file master_timing_summary_routed.rpt -pb master_timing_summary_routed.pb -rpx master_timing_summary_routed.rpx -warn_on_violation
| Design       : master
| Device       : 7k70t-fbv676
| Speed File   : -1  PRODUCTION 1.12 2017-02-17
| Design State : Routed
------------------------------------------------------------------------------------------------------------------------------------------------------------------------------------------------------------------------------

Timing Summary Report

------------------------------------------------------------------------------------------------
| Timer Settings
| --------------
------------------------------------------------------------------------------------------------

  Enable Multi Corner Analysis               :  Yes
  Enable Pessimism Removal                   :  Yes
  Pessimism Removal Resolution               :  Nearest Common Node
  Enable Input Delay Default Clock           :  No
  Enable Preset / Clear Arcs                 :  No
  Disable Flight Delays                      :  No
  Ignore I/O Paths                           :  No
  Timing Early Launch at Borrowing Latches   :  No
  Borrow Time for Max Delay Exceptions       :  Yes
  Merge Timing Exceptions                    :  Yes
  Inter-SLR Compensation                     :  Conservative

  Corner  Analyze    Analyze    
  Name    Max Paths  Min Paths  
  ------  ---------  ---------  
  Slow    Yes        Yes        
  Fast    Yes        Yes        


------------------------------------------------------------------------------------------------
| Report Methodology
| ------------------
------------------------------------------------------------------------------------------------

No report available as report_methodology has not been run prior. Run report_methodology on the current design for the summary of methodology violations.



check_timing report

Table of Contents
-----------------
1. checking no_clock (0)
2. checking constant_clock (0)
3. checking pulse_width_clock (0)
4. checking unconstrained_internal_endpoints (0)
5. checking no_input_delay (0)
6. checking no_output_delay (0)
7. checking multiple_clock (0)
8. checking generated_clocks (0)
9. checking loops (0)
10. checking partial_input_delay (0)
11. checking partial_output_delay (0)
12. checking latch_loops (0)

1. checking no_clock (0)
------------------------
 There are 0 register/latch pins with no clock.


2. checking constant_clock (0)
------------------------------
 There are 0 register/latch pins with constant_clock.


3. checking pulse_width_clock (0)
---------------------------------
 There are 0 register/latch pins which need pulse_width check


4. checking unconstrained_internal_endpoints (0)
------------------------------------------------
 There are 0 pins that are not constrained for maximum delay.

 There are 0 pins that are not constrained for maximum delay due to constant clock.


5. checking no_input_delay (0)
------------------------------
 There are 0 input ports with no input delay specified.

 There are 0 input ports with no input delay but user has a false path constraint.


6. checking no_output_delay (0)
-------------------------------
 There are 0 ports with no output delay specified.

 There are 0 ports with no output delay but user has a false path constraint

 There are 0 ports with no output delay but with a timing clock defined on it or propagating through it


7. checking multiple_clock (0)
------------------------------
 There are 0 register/latch pins with multiple clocks.


8. checking generated_clocks (0)
--------------------------------
 There are 0 generated clocks that are not connected to a clock source.


9. checking loops (0)
---------------------
 There are 0 combinational loops in the design.


10. checking partial_input_delay (0)
------------------------------------
 There are 0 input ports with partial input delay specified.


11. checking partial_output_delay (0)
-------------------------------------
 There are 0 ports with partial output delay specified.


12. checking latch_loops (0)
----------------------------
 There are 0 combinational latch loops in the design through latch input



------------------------------------------------------------------------------------------------
| Design Timing Summary
| ---------------------
------------------------------------------------------------------------------------------------

    WNS(ns)      TNS(ns)  TNS Failing Endpoints  TNS Total Endpoints      WHS(ns)      THS(ns)  THS Failing Endpoints  THS Total Endpoints     WPWS(ns)     TPWS(ns)  TPWS Failing Endpoints  TPWS Total Endpoints  
    -------      -------  ---------------------  -------------------      -------      -------  ---------------------  -------------------     --------     --------  ----------------------  --------------------  
        inf        0.000                      0                    4          inf        0.000                      0                    4           NA           NA                      NA                    NA  


There are no user specified timing constraints.


------------------------------------------------------------------------------------------------
| Clock Summary
| -------------
------------------------------------------------------------------------------------------------


------------------------------------------------------------------------------------------------
| Intra Clock Table
| -----------------
------------------------------------------------------------------------------------------------

Clock             WNS(ns)      TNS(ns)  TNS Failing Endpoints  TNS Total Endpoints      WHS(ns)      THS(ns)  THS Failing Endpoints  THS Total Endpoints     WPWS(ns)     TPWS(ns)  TPWS Failing Endpoints  TPWS Total Endpoints  
-----             -------      -------  ---------------------  -------------------      -------      -------  ---------------------  -------------------     --------     --------  ----------------------  --------------------  


------------------------------------------------------------------------------------------------
| Inter Clock Table
| -----------------
------------------------------------------------------------------------------------------------

From Clock    To Clock          WNS(ns)      TNS(ns)  TNS Failing Endpoints  TNS Total Endpoints      WHS(ns)      THS(ns)  THS Failing Endpoints  THS Total Endpoints  
----------    --------          -------      -------  ---------------------  -------------------      -------      -------  ---------------------  -------------------  


------------------------------------------------------------------------------------------------
| Other Path Groups Table
| -----------------------
------------------------------------------------------------------------------------------------

Path Group    From Clock    To Clock          WNS(ns)      TNS(ns)  TNS Failing Endpoints  TNS Total Endpoints      WHS(ns)      THS(ns)  THS Failing Endpoints  THS Total Endpoints  
----------    ----------    --------          -------      -------  ---------------------  -------------------      -------      -------  ---------------------  -------------------  


------------------------------------------------------------------------------------------------
| User Ignored Path Table
| -----------------------
------------------------------------------------------------------------------------------------

Path Group    From Clock    To Clock    
----------    ----------    --------    


------------------------------------------------------------------------------------------------
| Unconstrained Path Table
| ------------------------
------------------------------------------------------------------------------------------------

Path Group    From Clock    To Clock    
----------    ----------    --------    
(none)                                    


------------------------------------------------------------------------------------------------
| Timing Details
| --------------
------------------------------------------------------------------------------------------------


--------------------------------------------------------------------------------------
Path Group:  (none)
From Clock:  
  To Clock:  

Max Delay             4 Endpoints
Min Delay             4 Endpoints
--------------------------------------------------------------------------------------


Max Delay Paths
--------------------------------------------------------------------------------------
Slack:                    inf
  Source:                 y[1]
                            (input port)
  Destination:            c
                            (output port)
  Path Group:             (none)
  Path Type:              Max at Slow Process Corner
  Data Path Delay:        6.434ns  (logic 3.512ns (54.584%)  route 2.922ns (45.416%))
  Logic Levels:           4  (IBUF=1 LUT3=1 LUT5=1 OBUF=1)

    Location             Delay type                Incr(ns)  Path(ns)    Netlist Resource(s)
  -------------------------------------------------------------------    -------------------
    M19                                               0.000     0.000 r  y[1] (IN)
                         net (fo=0)                   0.000     0.000    y[1]
    M19                  IBUF (Prop_ibuf_I_O)         0.829     0.829 r  y_IBUF[1]_inst/O
                         net (fo=2, routed)           1.061     1.890    y_IBUF[1]
    SLICE_X0Y6           LUT3 (Prop_lut3_I2_O)        0.068     1.958 r  c_OBUF_inst_i_2/O
                         net (fo=1, routed)           0.463     2.420    bl
    SLICE_X0Y6           LUT5 (Prop_lut5_I4_O)        0.169     2.589 r  c_OBUF_inst_i_1/O
                         net (fo=1, routed)           1.399     3.988    c_OBUF
    R18                  OBUF (Prop_obuf_I_O)         2.446     6.434 r  c_OBUF_inst/O
                         net (fo=0)                   0.000     6.434    c
    R18                                                               r  c (OUT)
  -------------------------------------------------------------------    -------------------

Slack:                    inf
  Source:                 y[4]
                            (input port)
  Destination:            d
                            (output port)
  Path Group:             (none)
  Path Type:              Max at Slow Process Corner
  Data Path Delay:        6.259ns  (logic 3.465ns (55.367%)  route 2.793ns (44.633%))
  Logic Levels:           4  (IBUF=1 LUT4=1 LUT5=1 OBUF=1)

    Location             Delay type                Incr(ns)  Path(ns)    Netlist Resource(s)
  -------------------------------------------------------------------    -------------------
    R16                                               0.000     0.000 r  y[4] (IN)
                         net (fo=0)                   0.000     0.000    y[4]
    R16                  IBUF (Prop_ibuf_I_O)         0.812     0.812 r  y_IBUF[4]_inst/O
                         net (fo=3, routed)           1.189     2.001    y_IBUF[4]
    SLICE_X0Y6           LUT4 (Prop_lut4_I2_O)        0.064     2.065 r  a_OBUF_inst_i_1/O
                         net (fo=2, routed)           0.319     2.384    a_OBUF
    SLICE_X0Y6           LUT5 (Prop_lut5_I0_O)        0.170     2.554 r  d_OBUF_inst_i_1/O
                         net (fo=1, routed)           1.286     3.839    d_OBUF
    T17                  OBUF (Prop_obuf_I_O)         2.419     6.259 r  d_OBUF_inst/O
                         net (fo=0)                   0.000     6.259    d
    T17                                                               r  d (OUT)
  -------------------------------------------------------------------    -------------------

Slack:                    inf
  Source:                 y[4]
                            (input port)
  Destination:            a
                            (output port)
  Path Group:             (none)
  Path Type:              Max at Slow Process Corner
  Data Path Delay:        6.068ns  (logic 3.427ns (56.470%)  route 2.641ns (43.530%))
  Logic Levels:           3  (IBUF=1 LUT4=1 OBUF=1)

    Location             Delay type                Incr(ns)  Path(ns)    Netlist Resource(s)
  -------------------------------------------------------------------    -------------------
    R16                                               0.000     0.000 r  y[4] (IN)
                         net (fo=0)                   0.000     0.000    y[4]
    R16                  IBUF (Prop_ibuf_I_O)         0.812     0.812 r  y_IBUF[4]_inst/O
                         net (fo=3, routed)           1.189     2.001    y_IBUF[4]
    SLICE_X0Y6           LUT4 (Prop_lut4_I2_O)        0.064     2.065 r  a_OBUF_inst_i_1/O
                         net (fo=2, routed)           1.452     3.517    a_OBUF
    U16                  OBUF (Prop_obuf_I_O)         2.551     6.068 r  a_OBUF_inst/O
                         net (fo=0)                   0.000     6.068    a
    U16                                                               r  a (OUT)
  -------------------------------------------------------------------    -------------------

Slack:                    inf
  Source:                 y[5]
                            (input port)
  Destination:            b
                            (output port)
  Path Group:             (none)
  Path Type:              Max at Slow Process Corner
  Data Path Delay:        5.907ns  (logic 3.316ns (56.135%)  route 2.591ns (43.865%))
  Logic Levels:           3  (IBUF=1 LUT6=1 OBUF=1)

    Location             Delay type                Incr(ns)  Path(ns)    Netlist Resource(s)
  -------------------------------------------------------------------    -------------------
    N17                                               0.000     0.000 f  y[5] (IN)
                         net (fo=0)                   0.000     0.000    y[5]
    N17                  IBUF (Prop_ibuf_I_O)         0.812     0.812 f  y_IBUF[5]_inst/O
                         net (fo=3, routed)           1.199     2.011    y_IBUF[5]
    SLICE_X0Y6           LUT6 (Prop_lut6_I1_O)        0.053     2.064 r  b_OBUF_inst_i_1/O
                         net (fo=1, routed)           1.393     3.457    b_OBUF
    P18                  OBUF (Prop_obuf_I_O)         2.451     5.907 r  b_OBUF_inst/O
                         net (fo=0)                   0.000     5.907    b
    P18                                                               r  b (OUT)
  -------------------------------------------------------------------    -------------------





Min Delay Paths
--------------------------------------------------------------------------------------
Slack:                    inf
  Source:                 y[2]
                            (input port)
  Destination:            d
                            (output port)
  Path Group:             (none)
  Path Type:              Min at Fast Process Corner
  Data Path Delay:        2.064ns  (logic 1.369ns (66.339%)  route 0.695ns (33.661%))
  Logic Levels:           3  (IBUF=1 LUT5=1 OBUF=1)

    Location             Delay type                Incr(ns)  Path(ns)    Netlist Resource(s)
  -------------------------------------------------------------------    -------------------
    N18                                               0.000     0.000 r  y[2] (IN)
                         net (fo=0)                   0.000     0.000    y[2]
    N18                  IBUF (Prop_ibuf_I_O)         0.092     0.092 r  y_IBUF[2]_inst/O
                         net (fo=3, routed)           0.355     0.447    y_IBUF[2]
    SLICE_X0Y6           LUT5 (Prop_lut5_I1_O)        0.028     0.475 r  d_OBUF_inst_i_1/O
                         net (fo=1, routed)           0.340     0.815    d_OBUF
    T17                  OBUF (Prop_obuf_I_O)         1.249     2.064 r  d_OBUF_inst/O
                         net (fo=0)                   0.000     2.064    d
    T17                                                               r  d (OUT)
  -------------------------------------------------------------------    -------------------

Slack:                    inf
  Source:                 y[6]
                            (input port)
  Destination:            b
                            (output port)
  Path Group:             (none)
  Path Type:              Min at Fast Process Corner
  Data Path Delay:        2.108ns  (logic 1.366ns (64.806%)  route 0.742ns (35.194%))
  Logic Levels:           3  (IBUF=1 LUT6=1 OBUF=1)

    Location             Delay type                Incr(ns)  Path(ns)    Netlist Resource(s)
  -------------------------------------------------------------------    -------------------
    P16                                               0.000     0.000 r  y[6] (IN)
                         net (fo=0)                   0.000     0.000    y[6]
    P16                  IBUF (Prop_ibuf_I_O)         0.059     0.059 r  y_IBUF[6]_inst/O
                         net (fo=3, routed)           0.356     0.415    y_IBUF[6]
    SLICE_X0Y6           LUT6 (Prop_lut6_I3_O)        0.028     0.443 r  b_OBUF_inst_i_1/O
                         net (fo=1, routed)           0.386     0.829    b_OBUF
    P18                  OBUF (Prop_obuf_I_O)         1.280     2.108 r  b_OBUF_inst/O
                         net (fo=0)                   0.000     2.108    b
    P18                                                               r  b (OUT)
  -------------------------------------------------------------------    -------------------

Slack:                    inf
  Source:                 y[7]
                            (input port)
  Destination:            c
                            (output port)
  Path Group:             (none)
  Path Type:              Min at Fast Process Corner
  Data Path Delay:        2.146ns  (logic 1.377ns (64.155%)  route 0.769ns (35.845%))
  Logic Levels:           3  (IBUF=1 LUT5=1 OBUF=1)

    Location             Delay type                Incr(ns)  Path(ns)    Netlist Resource(s)
  -------------------------------------------------------------------    -------------------
    T19                                               0.000     0.000 r  y[7] (IN)
                         net (fo=0)                   0.000     0.000    y[7]
    T19                  IBUF (Prop_ibuf_I_O)         0.073     0.073 r  y_IBUF[7]_inst/O
                         net (fo=3, routed)           0.382     0.455    y_IBUF[7]
    SLICE_X0Y6           LUT5 (Prop_lut5_I0_O)        0.028     0.483 r  c_OBUF_inst_i_1/O
                         net (fo=1, routed)           0.388     0.871    c_OBUF
    R18                  OBUF (Prop_obuf_I_O)         1.275     2.146 r  c_OBUF_inst/O
                         net (fo=0)                   0.000     2.146    c
    R18                                                               r  c (OUT)
  -------------------------------------------------------------------    -------------------

Slack:                    inf
  Source:                 y[7]
                            (input port)
  Destination:            a
                            (output port)
  Path Group:             (none)
  Path Type:              Min at Fast Process Corner
  Data Path Delay:        2.231ns  (logic 1.407ns (63.085%)  route 0.824ns (36.915%))
  Logic Levels:           3  (IBUF=1 LUT4=1 OBUF=1)

    Location             Delay type                Incr(ns)  Path(ns)    Netlist Resource(s)
  -------------------------------------------------------------------    -------------------
    T19                                               0.000     0.000 r  y[7] (IN)
                         net (fo=0)                   0.000     0.000    y[7]
    T19                  IBUF (Prop_ibuf_I_O)         0.073     0.073 r  y_IBUF[7]_inst/O
                         net (fo=3, routed)           0.382     0.455    y_IBUF[7]
    SLICE_X0Y6           LUT4 (Prop_lut4_I0_O)        0.030     0.485 r  a_OBUF_inst_i_1/O
                         net (fo=2, routed)           0.442     0.927    a_OBUF
    U16                  OBUF (Prop_obuf_I_O)         1.304     2.231 r  a_OBUF_inst/O
                         net (fo=0)                   0.000     2.231    a
    U16                                                               r  a (OUT)
  -------------------------------------------------------------------    -------------------





