Copyright 1986-2022 Xilinx, Inc. All Rights Reserved. Copyright 2022-2025 Advanced Micro Devices, Inc. All Rights Reserved.
------------------------------------------------------------------------------------------------------------------------------------------------------------------------------------------------------------------------------
| Tool Version : Vivado v.2025.2 (win64) Build 6299465 Fri Nov 14 19:35:11 GMT 2025
| Date         : Sun Aug 30 22:32:36 2026
| Host         : M-Frizfoot running 64-bit major release  (build 9200)
| Command      : report_timing_summary -max_paths 10 -routable_nets -report_unconstrained -file master_timing_summary_routed.rpt -pb master_timing_summary_routed.pb -rpx master_timing_summary_routed.rpx -warn_on_violation
| Design       : master
| Device       : 7k70t-fbv676
| Speed File   : -1  PRODUCTION 1.12 2017-02-17
| Design State : Routed
------------------------------------------------------------------------------------------------------------------------------------------------------------------------------------------------------------------------------

Timing Summary Report

------------------------------------------------------------------------------------------------
| Timer Settings
| --------------
------------------------------------------------------------------------------------------------

  Enable Multi Corner Analysis               :  Yes
  Enable Pessimism Removal                   :  Yes
  Pessimism Removal Resolution               :  Nearest Common Node
  Enable Input Delay Default Clock           :  No
  Enable Preset / Clear Arcs                 :  No
  Disable Flight Delays                      :  No
  Ignore I/O Paths                           :  No
  Timing Early Launch at Borrowing Latches   :  No
  Borrow Time for Max Delay Exceptions       :  Yes
  Merge Timing Exceptions                    :  Yes
  Inter-SLR Compensation                     :  Conservative

  Corner  Analyze    Analyze    
  Name    Max Paths  Min Paths  
  ------  ---------  ---------  
  Slow    Yes        Yes        
  Fast    Yes        Yes        


------------------------------------------------------------------------------------------------
| Report Methodology
| ------------------
------------------------------------------------------------------------------------------------

No report available as report_methodology has not been run prior. Run report_methodology on the current design for the summary of methodology violations.



check_timing report

Table of Contents
-----------------
1. checking no_clock (0)
2. checking constant_clock (0)
3. checking pulse_width_clock (0)
4. checking unconstrained_internal_endpoints (0)
5. checking no_input_delay (0)
6. checking no_output_delay (0)
7. checking multiple_clock (0)
8. checking generated_clocks (0)
9. checking loops (0)
10. checking partial_input_delay (0)
11. checking partial_output_delay (0)
12. checking latch_loops (0)

1. checking no_clock (0)
------------------------
 There are 0 register/latch pins with no clock.


2. checking constant_clock (0)
------------------------------
 There are 0 register/latch pins with constant_clock.


3. checking pulse_width_clock (0)
---------------------------------
 There are 0 register/latch pins which need pulse_width check


4. checking unconstrained_internal_endpoints (0)
------------------------------------------------
 There are 0 pins that are not constrained for maximum delay.

 There are 0 pins that are not constrained for maximum delay due to constant clock.


5. checking no_input_delay (0)
------------------------------
 There are 0 input ports with no input delay specified.

 There are 0 input ports with no input delay but user has a false path constraint.


6. checking no_output_delay (0)
-------------------------------
 There are 0 ports with no output delay specified.

 There are 0 ports with no output delay but user has a false path constraint

 There are 0 ports with no output delay but with a timing clock defined on it or propagating through it


7. checking multiple_clock (0)
------------------------------
 There are 0 register/latch pins with multiple clocks.


8. checking generated_clocks (0)
--------------------------------
 There are 0 generated clocks that are not connected to a clock source.


9. checking loops (0)
---------------------
 There are 0 combinational loops in the design.


10. checking partial_input_delay (0)
------------------------------------
 There are 0 input ports with partial input delay specified.


11. checking partial_output_delay (0)
-------------------------------------
 There are 0 ports with partial output delay specified.


12. checking latch_loops (0)
----------------------------
 There are 0 combinational latch loops in the design through latch input



------------------------------------------------------------------------------------------------
| Design Timing Summary
| ---------------------
------------------------------------------------------------------------------------------------

    WNS(ns)      TNS(ns)  TNS Failing Endpoints  TNS Total Endpoints      WHS(ns)      THS(ns)  THS Failing Endpoints  THS Total Endpoints     WPWS(ns)     TPWS(ns)  TPWS Failing Endpoints  TPWS Total Endpoints  
    -------      -------  ---------------------  -------------------      -------      -------  ---------------------  -------------------     --------     --------  ----------------------  --------------------  
        inf        0.000                      0                    6          inf        0.000                      0                    6           NA           NA                      NA                    NA  


There are no user specified timing constraints.


------------------------------------------------------------------------------------------------
| Clock Summary
| -------------
------------------------------------------------------------------------------------------------


------------------------------------------------------------------------------------------------
| Intra Clock Table
| -----------------
------------------------------------------------------------------------------------------------

Clock             WNS(ns)      TNS(ns)  TNS Failing Endpoints  TNS Total Endpoints      WHS(ns)      THS(ns)  THS Failing Endpoints  THS Total Endpoints     WPWS(ns)     TPWS(ns)  TPWS Failing Endpoints  TPWS Total Endpoints  
-----             -------      -------  ---------------------  -------------------      -------      -------  ---------------------  -------------------     --------     --------  ----------------------  --------------------  


------------------------------------------------------------------------------------------------
| Inter Clock Table
| -----------------
------------------------------------------------------------------------------------------------

From Clock    To Clock          WNS(ns)      TNS(ns)  TNS Failing Endpoints  TNS Total Endpoints      WHS(ns)      THS(ns)  THS Failing Endpoints  THS Total Endpoints  
----------    --------          -------      -------  ---------------------  -------------------      -------      -------  ---------------------  -------------------  


------------------------------------------------------------------------------------------------
| Other Path Groups Table
| -----------------------
------------------------------------------------------------------------------------------------

Path Group    From Clock    To Clock          WNS(ns)      TNS(ns)  TNS Failing Endpoints  TNS Total Endpoints      WHS(ns)      THS(ns)  THS Failing Endpoints  THS Total Endpoints  
----------    ----------    --------          -------      -------  ---------------------  -------------------      -------      -------  ---------------------  -------------------  


------------------------------------------------------------------------------------------------
| User Ignored Path Table
| -----------------------
------------------------------------------------------------------------------------------------

Path Group    From Clock    To Clock    
----------    ----------    --------    


------------------------------------------------------------------------------------------------
| Unconstrained Path Table
| ------------------------
------------------------------------------------------------------------------------------------

Path Group    From Clock    To Clock    
----------    ----------    --------    
(none)                                    


------------------------------------------------------------------------------------------------
| Timing Details
| --------------
------------------------------------------------------------------------------------------------


--------------------------------------------------------------------------------------
Path Group:  (none)
From Clock:  
  To Clock:  

Max Delay             6 Endpoints
Min Delay             6 Endpoints
--------------------------------------------------------------------------------------


Max Delay Paths
--------------------------------------------------------------------------------------
Slack:                    inf
  Source:                 e[1]
                            (input port)
  Destination:            f[1]
                            (output port)
  Path Group:             (none)
  Path Type:              Max at Slow Process Corner
  Data Path Delay:        7.929ns  (logic 3.613ns (45.573%)  route 4.315ns (54.427%))
  Logic Levels:           5  (IBUF=1 LUT2=1 LUT4=1 LUT6=1 OBUFT=1)

    Location             Delay type                Incr(ns)  Path(ns)    Netlist Resource(s)
  -------------------------------------------------------------------    -------------------
    N22                                               0.000     0.000 f  e[1] (IN)
                         net (fo=0)                   0.000     0.000    e[1]
    N22                  IBUF (Prop_ibuf_I_O)         0.849     0.849 f  e_IBUF[1]_inst/O
                         net (fo=15, routed)          1.075     1.924    enab/e_IBUF[1]
    SLICE_X0Y23          LUT2 (Prop_lut2_I1_O)        0.064     1.988 r  enab/b/O
                         net (fo=12, routed)          1.072     3.060    enab/enable[0]
    SLICE_X0Y13          LUT6 (Prop_lut6_I3_O)        0.170     3.230 r  enab/f_OBUFT[1]_inst_i_3/O
                         net (fo=1, routed)           0.763     3.993    enab/f_OBUFT[1]_inst_i_3_n_0
    SLICE_X0Y21          LUT4 (Prop_lut4_I3_O)        0.053     4.046 r  enab/f_OBUFT[1]_inst_i_1/O
                         net (fo=1, routed)           1.405     5.451    f_OBUF[1]
    N23                  OBUFT (Prop_obuft_I_O)       2.477     7.929 r  f_OBUFT[1]_inst/O
                         net (fo=0)                   0.000     7.929    f[1]
    N23                                                               r  f[1] (OUT)
  -------------------------------------------------------------------    -------------------

Slack:                    inf
  Source:                 e[1]
                            (input port)
  Destination:            f[3]
                            (output port)
  Path Group:             (none)
  Path Type:              Max at Slow Process Corner
  Data Path Delay:        7.782ns  (logic 3.747ns (48.143%)  route 4.036ns (51.857%))
  Logic Levels:           5  (IBUF=1 LUT2=1 LUT4=1 LUT6=1 OBUFT=1)

    Location             Delay type                Incr(ns)  Path(ns)    Netlist Resource(s)
  -------------------------------------------------------------------    -------------------
    N22                                               0.000     0.000 f  e[1] (IN)
                         net (fo=0)                   0.000     0.000    e[1]
    N22                  IBUF (Prop_ibuf_I_O)         0.849     0.849 f  e_IBUF[1]_inst/O
                         net (fo=15, routed)          1.075     1.924    enab/e_IBUF[1]
    SLICE_X0Y23          LUT2 (Prop_lut2_I1_O)        0.064     1.988 r  enab/b/O
                         net (fo=12, routed)          0.713     2.701    enab/enable[0]
    SLICE_X0Y13          LUT6 (Prop_lut6_I3_O)        0.170     2.871 r  enab/f_OBUFT[3]_inst_i_3/O
                         net (fo=1, routed)           0.735     3.605    enab/f_OBUFT[3]_inst_i_3_n_0
    SLICE_X0Y21          LUT4 (Prop_lut4_I3_O)        0.063     3.668 r  enab/f_OBUFT[3]_inst_i_1/O
                         net (fo=1, routed)           1.513     5.182    f_OBUF[3]
    M22                  OBUFT (Prop_obuft_I_O)       2.601     7.782 r  f_OBUFT[3]_inst/O
                         net (fo=0)                   0.000     7.782    f[3]
    M22                                                               r  f[3] (OUT)
  -------------------------------------------------------------------    -------------------

Slack:                    inf
  Source:                 e[0]
                            (input port)
  Destination:            f[4]
                            (output port)
  Path Group:             (none)
  Path Type:              Max at Slow Process Corner
  Data Path Delay:        7.778ns  (logic 3.461ns (44.502%)  route 4.316ns (55.498%))
  Logic Levels:           5  (IBUF=1 LUT2=1 LUT4=1 LUT6=1 OBUFT=1)

    Location             Delay type                Incr(ns)  Path(ns)    Netlist Resource(s)
  -------------------------------------------------------------------    -------------------
    R21                                               0.000     0.000 f  e[0] (IN)
                         net (fo=0)                   0.000     0.000    e[0]
    R21                  IBUF (Prop_ibuf_I_O)         0.826     0.826 f  e_IBUF[0]_inst/O
                         net (fo=15, routed)          1.144     1.970    enab/e_IBUF[0]
    SLICE_X0Y21          LUT2 (Prop_lut2_I1_O)        0.053     2.023 r  enab/f_OBUFT[5]_inst_i_4/O
                         net (fo=12, routed)          0.838     2.861    enab/f_OBUFT[5]_inst_i_4_n_0
    SLICE_X0Y16          LUT6 (Prop_lut6_I1_O)        0.053     2.914 r  enab/f_OBUFT[4]_inst_i_3/O
                         net (fo=1, routed)           0.908     3.822    enab/f_OBUFT[4]_inst_i_3_n_0
    SLICE_X0Y22          LUT4 (Prop_lut4_I3_O)        0.053     3.875 r  enab/f_OBUFT[4]_inst_i_1/O
                         net (fo=1, routed)           1.426     5.301    f_OBUF[4]
    M21                  OBUFT (Prop_obuft_I_O)       2.476     7.778 r  f_OBUFT[4]_inst/O
                         net (fo=0)                   0.000     7.778    f[4]
    M21                                                               r  f[4] (OUT)
  -------------------------------------------------------------------    -------------------

Slack:                    inf
  Source:                 e[1]
                            (input port)
  Destination:            f[0]
                            (output port)
  Path Group:             (none)
  Path Type:              Max at Slow Process Corner
  Data Path Delay:        7.670ns  (logic 3.619ns (47.184%)  route 4.051ns (52.816%))
  Logic Levels:           5  (IBUF=1 LUT2=1 LUT4=1 LUT6=1 OBUFT=1)

    Location             Delay type                Incr(ns)  Path(ns)    Netlist Resource(s)
  -------------------------------------------------------------------    -------------------
    N22                                               0.000     0.000 f  e[1] (IN)
                         net (fo=0)                   0.000     0.000    e[1]
    N22                  IBUF (Prop_ibuf_I_O)         0.849     0.849 f  e_IBUF[1]_inst/O
                         net (fo=15, routed)          1.075     1.924    enab/e_IBUF[1]
    SLICE_X0Y23          LUT2 (Prop_lut2_I1_O)        0.064     1.988 r  enab/b/O
                         net (fo=12, routed)          1.068     3.056    enab/enable[0]
    SLICE_X0Y13          LUT6 (Prop_lut6_I3_O)        0.170     3.226 r  enab/f_OBUFT[0]_inst_i_3/O
                         net (fo=1, routed)           0.595     3.821    enab/f_OBUFT[0]_inst_i_3_n_0
    SLICE_X0Y21          LUT4 (Prop_lut4_I3_O)        0.053     3.874 r  enab/f_OBUFT[0]_inst_i_1/O
                         net (fo=1, routed)           1.313     5.187    f_OBUF[0]
    N21                  OBUFT (Prop_obuft_I_O)       2.483     7.670 r  f_OBUFT[0]_inst/O
                         net (fo=0)                   0.000     7.670    f[0]
    N21                                                               r  f[0] (OUT)
  -------------------------------------------------------------------    -------------------

Slack:                    inf
  Source:                 e[0]
                            (input port)
  Destination:            f[5]
                            (output port)
  Path Group:             (none)
  Path Type:              Max at Slow Process Corner
  Data Path Delay:        7.588ns  (logic 3.469ns (45.709%)  route 4.120ns (54.291%))
  Logic Levels:           5  (IBUF=1 LUT2=1 LUT4=1 LUT6=1 OBUFT=1)

    Location             Delay type                Incr(ns)  Path(ns)    Netlist Resource(s)
  -------------------------------------------------------------------    -------------------
    R21                                               0.000     0.000 f  e[0] (IN)
                         net (fo=0)                   0.000     0.000    e[0]
    R21                  IBUF (Prop_ibuf_I_O)         0.826     0.826 f  e_IBUF[0]_inst/O
                         net (fo=15, routed)          1.144     1.970    enab/e_IBUF[0]
    SLICE_X0Y21          LUT2 (Prop_lut2_I1_O)        0.053     2.023 r  enab/f_OBUFT[5]_inst_i_4/O
                         net (fo=12, routed)          0.978     3.001    enab/f_OBUFT[5]_inst_i_4_n_0
    SLICE_X0Y16          LUT6 (Prop_lut6_I1_O)        0.053     3.054 r  enab/f_OBUFT[5]_inst_i_3/O
                         net (fo=1, routed)           0.571     3.625    enab/f_OBUFT[5]_inst_i_3_n_0
    SLICE_X0Y23          LUT4 (Prop_lut4_I3_O)        0.053     3.678 r  enab/f_OBUFT[5]_inst_i_1/O
                         net (fo=1, routed)           1.426     5.105    f_OBUF[5]
    P20                  OBUFT (Prop_obuft_I_O)       2.484     7.588 r  f_OBUFT[5]_inst/O
                         net (fo=0)                   0.000     7.588    f[5]
    P20                                                               r  f[5] (OUT)
  -------------------------------------------------------------------    -------------------

Slack:                    inf
  Source:                 e[1]
                            (input port)
  Destination:            f[2]
                            (output port)
  Path Group:             (none)
  Path Type:              Max at Slow Process Corner
  Data Path Delay:        7.370ns  (logic 3.613ns (49.022%)  route 3.757ns (50.978%))
  Logic Levels:           5  (IBUF=1 LUT2=1 LUT4=1 LUT6=1 OBUFT=1)

    Location             Delay type                Incr(ns)  Path(ns)    Netlist Resource(s)
  -------------------------------------------------------------------    -------------------
    N22                                               0.000     0.000 f  e[1] (IN)
                         net (fo=0)                   0.000     0.000    e[1]
    N22                  IBUF (Prop_ibuf_I_O)         0.849     0.849 f  e_IBUF[1]_inst/O
                         net (fo=15, routed)          1.075     1.924    enab/e_IBUF[1]
    SLICE_X0Y23          LUT2 (Prop_lut2_I1_O)        0.064     1.988 r  enab/b/O
                         net (fo=12, routed)          0.860     2.848    enab/enable[0]
    SLICE_X0Y13          LUT6 (Prop_lut6_I3_O)        0.170     3.018 r  enab/f_OBUFT[2]_inst_i_3/O
                         net (fo=1, routed)           0.410     3.427    enab/f_OBUFT[2]_inst_i_3_n_0
    SLICE_X0Y21          LUT4 (Prop_lut4_I3_O)        0.053     3.480 r  enab/f_OBUFT[2]_inst_i_1/O
                         net (fo=1, routed)           1.413     4.893    f_OBUF[2]
    P23                  OBUFT (Prop_obuft_I_O)       2.477     7.370 r  f_OBUFT[2]_inst/O
                         net (fo=0)                   0.000     7.370    f[2]
    P23                                                               r  f[2] (OUT)
  -------------------------------------------------------------------    -------------------





Min Delay Paths
--------------------------------------------------------------------------------------
Slack:                    inf
  Source:                 e[1]
                            (input port)
  Destination:            f[0]
                            (output port)
  Path Group:             (none)
  Path Type:              Min at Fast Process Corner
  Data Path Delay:        1.454ns  (logic 0.529ns (36.372%)  route 0.925ns (63.628%))
  Logic Levels:           3  (IBUF=1 LUT5=1 OBUFT=1)

    Location             Delay type                Incr(ns)  Path(ns)    Netlist Resource(s)
  -------------------------------------------------------------------    -------------------
    N22                                               0.000     0.000 f  e[1] (IN)
                         net (fo=0)                   0.000     0.000    e[1]
    N22                  IBUF (Prop_ibuf_I_O)         0.113     0.113 f  e_IBUF[1]_inst/O
                         net (fo=15, routed)          0.368     0.481    enab/e_IBUF[1]
    SLICE_X0Y26          LUT5 (Prop_lut5_I1_O)        0.030     0.511 r  enab/f_OBUFT[0]_inst_i_2/O
                         net (fo=1, routed)           0.557     1.068    f_TRI[0]
    N21                  OBUFT (TriStatD_obuft_T_O)
                                                      0.386     1.454 r  f_OBUFT[0]_inst/O
                         net (fo=0)                   0.000     1.454    f[0]
    N21                                                               r  f[0] (OUT)
  -------------------------------------------------------------------    -------------------

Slack:                    inf
  Source:                 e[1]
                            (input port)
  Destination:            f[1]
                            (output port)
  Path Group:             (none)
  Path Type:              Min at Fast Process Corner
  Data Path Delay:        1.463ns  (logic 0.486ns (33.217%)  route 0.977ns (66.783%))
  Logic Levels:           3  (IBUF=1 LUT5=1 OBUFT=1)

    Location             Delay type                Incr(ns)  Path(ns)    Netlist Resource(s)
  -------------------------------------------------------------------    -------------------
    N22                                               0.000     0.000 f  e[1] (IN)
                         net (fo=0)                   0.000     0.000    e[1]
    N22                  IBUF (Prop_ibuf_I_O)         0.113     0.113 f  e_IBUF[1]_inst/O
                         net (fo=15, routed)          0.368     0.481    enab/e_IBUF[1]
    SLICE_X0Y26          LUT5 (Prop_lut5_I1_O)        0.028     0.509 r  enab/f_OBUFT[1]_inst_i_2/O
                         net (fo=1, routed)           0.609     1.118    f_TRI[1]
    N23                  OBUFT (TriStatD_obuft_T_O)
                                                      0.345     1.463 r  f_OBUFT[1]_inst/O
                         net (fo=0)                   0.000     1.463    f[1]
    N23                                                               r  f[1] (OUT)
  -------------------------------------------------------------------    -------------------

Slack:                    inf
  Source:                 e[1]
                            (input port)
  Destination:            f[2]
                            (output port)
  Path Group:             (none)
  Path Type:              Min at Fast Process Corner
  Data Path Delay:        1.469ns  (logic 0.486ns (33.074%)  route 0.983ns (66.926%))
  Logic Levels:           3  (IBUF=1 LUT5=1 OBUFT=1)

    Location             Delay type                Incr(ns)  Path(ns)    Netlist Resource(s)
  -------------------------------------------------------------------    -------------------
    N22                                               0.000     0.000 f  e[1] (IN)
                         net (fo=0)                   0.000     0.000    e[1]
    N22                  IBUF (Prop_ibuf_I_O)         0.113     0.113 f  e_IBUF[1]_inst/O
                         net (fo=15, routed)          0.369     0.482    enab/e_IBUF[1]
    SLICE_X0Y26          LUT5 (Prop_lut5_I1_O)        0.028     0.510 r  enab/f_OBUFT[2]_inst_i_2/O
                         net (fo=1, routed)           0.614     1.124    f_TRI[2]
    P23                  OBUFT (TriStatD_obuft_T_O)
                                                      0.345     1.469 r  f_OBUFT[2]_inst/O
                         net (fo=0)                   0.000     1.469    f[2]
    P23                                                               r  f[2] (OUT)
  -------------------------------------------------------------------    -------------------

Slack:                    inf
  Source:                 e[1]
                            (input port)
  Destination:            f[3]
                            (output port)
  Path Group:             (none)
  Path Type:              Min at Fast Process Corner
  Data Path Delay:        1.497ns  (logic 0.532ns (35.545%)  route 0.965ns (64.455%))
  Logic Levels:           3  (IBUF=1 LUT5=1 OBUFT=1)

    Location             Delay type                Incr(ns)  Path(ns)    Netlist Resource(s)
  -------------------------------------------------------------------    -------------------
    N22                                               0.000     0.000 f  e[1] (IN)
                         net (fo=0)                   0.000     0.000    e[1]
    N22                  IBUF (Prop_ibuf_I_O)         0.113     0.113 f  e_IBUF[1]_inst/O
                         net (fo=15, routed)          0.369     0.482    enab/e_IBUF[1]
    SLICE_X0Y26          LUT5 (Prop_lut5_I1_O)        0.033     0.515 r  enab/f_OBUFT[3]_inst_i_2/O
                         net (fo=1, routed)           0.596     1.111    f_TRI[3]
    M22                  OBUFT (TriStatD_obuft_T_O)
                                                      0.386     1.497 r  f_OBUFT[3]_inst/O
                         net (fo=0)                   0.000     1.497    f[3]
    M22                                                               r  f[3] (OUT)
  -------------------------------------------------------------------    -------------------

Slack:                    inf
  Source:                 e[1]
                            (input port)
  Destination:            f[4]
                            (output port)
  Path Group:             (none)
  Path Type:              Min at Fast Process Corner
  Data Path Delay:        1.550ns  (logic 0.486ns (31.358%)  route 1.064ns (68.642%))
  Logic Levels:           3  (IBUF=1 LUT5=1 OBUFT=1)

    Location             Delay type                Incr(ns)  Path(ns)    Netlist Resource(s)
  -------------------------------------------------------------------    -------------------
    N22                                               0.000     0.000 f  e[1] (IN)
                         net (fo=0)                   0.000     0.000    e[1]
    N22                  IBUF (Prop_ibuf_I_O)         0.113     0.113 f  e_IBUF[1]_inst/O
                         net (fo=15, routed)          0.469     0.582    enab/e_IBUF[1]
    SLICE_X0Y26          LUT5 (Prop_lut5_I1_O)        0.028     0.610 r  enab/f_OBUFT[4]_inst_i_2/O
                         net (fo=1, routed)           0.595     1.205    f_TRI[4]
    M21                  OBUFT (TriStatD_obuft_T_O)
                                                      0.345     1.550 r  f_OBUFT[4]_inst/O
                         net (fo=0)                   0.000     1.550    f[4]
    M21                                                               r  f[4] (OUT)
  -------------------------------------------------------------------    -------------------

Slack:                    inf
  Source:                 e[1]
                            (input port)
  Destination:            f[5]
                            (output port)
  Path Group:             (none)
  Path Type:              Min at Fast Process Corner
  Data Path Delay:        1.636ns  (logic 0.530ns (32.401%)  route 1.106ns (67.599%))
  Logic Levels:           3  (IBUF=1 LUT5=1 OBUFT=1)

    Location             Delay type                Incr(ns)  Path(ns)    Netlist Resource(s)
  -------------------------------------------------------------------    -------------------
    N22                                               0.000     0.000 f  e[1] (IN)
                         net (fo=0)                   0.000     0.000    e[1]
    N22                  IBUF (Prop_ibuf_I_O)         0.113     0.113 f  e_IBUF[1]_inst/O
                         net (fo=15, routed)          0.469     0.582    enab/e_IBUF[1]
    SLICE_X0Y26          LUT5 (Prop_lut5_I1_O)        0.032     0.614 r  enab/f_OBUFT[5]_inst_i_2/O
                         net (fo=1, routed)           0.637     1.251    f_TRI[5]
    P20                  OBUFT (TriStatD_obuft_T_O)
                                                      0.385     1.636 r  f_OBUFT[5]_inst/O
                         net (fo=0)                   0.000     1.636    f[5]
    P20                                                               r  f[5] (OUT)
  -------------------------------------------------------------------    -------------------





