#-----------------------------------------------------------
# Vivado v2025.2 (64-bit)
# SW Build 6299465 on Fri Nov 14 19:35:11 GMT 2025
# IP Build 6300035 on Fri Nov 14 10:48:45 MST 2025
# SharedData Build 6298862 on Thu Nov 13 04:50:51 MST 2025
# Start of session at: Sun Aug 30 22:32:16 2026
# Process ID         : 28564
# Current directory  : C:/Users/noelk/P10K/P10K.runs/impl_1
# Command line       : vivado.exe -log master.vdi -applog -product Vivado -messageDb vivado.pb -mode batch -source master.tcl -notrace
# Log file           : C:/Users/noelk/P10K/P10K.runs/impl_1/master.vdi
# Journal file       : C:/Users/noelk/P10K/P10K.runs/impl_1\vivado.jou
# Running On         : M-Frizfoot
# Platform           : Windows Server 2016 or Windows 10
# Operating System   : 26200
# Processor Detail   : AMD Ryzen 9 9950X3D 16-Core Processor          
# CPU Frequency      : 4292 MHz
# CPU Physical cores : 16
# CPU Logical cores  : 32
# Host memory        : 33447 MB
# Swap memory        : 2147 MB
# Total Virtual      : 35595 MB
# Available Virtual  : 14963 MB
#-----------------------------------------------------------
source master.tcl -notrace
